// Jest Snapshot v1, https://goo.gl/fbAQLP

exports[`With Snapshot Testing renders 1`] = `
<form
  onSubmit={[Function]}
>
  <label>
    Name:
    <input
      onChange={[Function]}
      type="text"
      value=""
    />
  </label>
  <input
    id="submit"
    type="submit"
    value="Submit"
  />
</form>
`;
